[pharmacology.med.unideb.hu/index.php/altalanos-orvos.html]
[backblue.gif]
[fade.gif]
[index.html]
[pharmacology.med.unideb.hu/templates/constructionco-qjt/favicon.ico]
[pharmacology.med.unideb.hu/index.php/component/search/index4e04.html]
[pharmacology.med.unideb.hu/media/system/js/core.js]
[pharmacology.med.unideb.hu/media/system/js/caption.js]
[pharmacology.med.unideb.hu/templates/constructionco-qjt/css/styles.css]
[pharmacology.med.unideb.hu/templates/constructionco-qjt/css/style2.css]
[pharmacology.med.unideb.hu/templates/constructionco-qjt/css/NivooSlider.css]
[pharmacology.med.unideb.hu/templates/constructionco-qjt/slideshow/init.js]
[pharmacology.med.unideb.hu/templates/constructionco-qjt/slideshow/NivooSlider.js]
[pharmacology.med.unideb.hu/templates/constructionco-qjt/modules/jcopyright.js]
[pharmacology.med.unideb.hu/media/system/js/mootools-core.js]
[pharmacology.med.unideb.hu/templates/constructionco-qjt/modules/jscroll.js]
[pharmacology.med.unideb.hu/templates/constructionco-qjt/images/logo.png]
[pharmacology.med.unideb.hu/index.php/oktatas.html]
[pharmacology.med.unideb.hu/index.php/kutatas.html]
[pharmacology.med.unideb.hu/index.php/kapcsolat.html]
[pharmacology.med.unideb.hu/index.php/apolas-es-betegellatas-alapszak-gyogytornasz-szakirany.html]
[pharmacology.med.unideb.hu/index.php/biologus-bsc.html]
[pharmacology.med.unideb.hu/index.php/farmakoterapia.html]
[pharmacology.med.unideb.hu/index.php/fogorvos.html]
[pharmacology.med.unideb.hu/index.php/hagyomanyos-keleti-orvoslas-alapjai.html]
[pharmacology.med.unideb.hu/index.php/molekularis-biologus.html]
[pharmacology.med.unideb.hu/index.php/molekularis-biologus-msc.html]
[pharmacology.med.unideb.hu/index.php/nepegeszsegugyi-ellenor.html]
[pharmacology.med.unideb.hu/index.php/orvosi-laboratoriumi-es-kepalkoto-diagnosztikai-analitikus.html]
[pharmacology.med.unideb.hu/index.php/taplalkozastudomanyi-msc.html]
[ogyei.gov.hu/dynamic/GCP_1.pdf]
[pharmacology.med.unideb.hu/images/pdf/Kötelezően tudandó dózisok.pdf]
[pharmacology.med.unideb.hu/media/system/js/mootools-more.js]
[pharmacology.med.unideb.hu/images/pdf/Vizsgakérdések recepturával I félév.pdf]
[s7.addthis.com/js/250/addthis_widget.js]
[pharmacology.med.unideb.hu/images/pdf/A farmakológia kollokviumon tudandó receptek.pdf]
[pharmacology.med.unideb.hu/images/pdf/Vizsgakerdesek 2013-2014 2-dik felev.pdf]
[pharmacology.med.unideb.hu/images/pdf/A farmakológia szigorlaton tudandó receptek.pdf]
[pharmacology.med.unideb.hu/images/pdf/tematika_1fe.pdf]
[pharmacology.med.unideb.hu/images/pdf/tematika_hun_2018-19-2fe.pdf]
[www.ilekt.med.unideb.hu/kiadvany/4latinhu.pdf]
[pharmacology.med.unideb.hu/images/pdf/Antiasthmatics PR.pdf]
[pharmacology.med.unideb.hu/images/pdf/Antiarrythmic drugs PR.pdf]
[pharmacology.med.unideb.hu/images/pdf/Antihypertensive agents PR.pdf]
[pharmacology.med.unideb.hu/images/pdf/Autonomic pharmacology.pdf]
[pharmacology.med.unideb.hu/images/pdf/Pharmacokinetics.pdf]
[pharmacology.med.unideb.hu/images/pdf/Pharmacodynamics1.pdf]
[pharmacology.med.unideb.hu/images/pdf/Diuretics.30.delayed]
[pharmacology.med.unideb.hu/images/pdf/Antianginal drugs.pdf]
[pharmacology.med.unideb.hu/images/pdf/A máj farmakológiája.pdf]
[pharmacology.med.unideb.hu/images/pdf/Hypercholesterolaemia treatment 2016.pdf]
[pharmacology.med.unideb.hu/images/pdf/Treatment of Congestive Heart Failure.pdf]
[pharmacology.med.unideb.hu/images/pdf/Calcium Channel Blockers.35.delayed]
[pharmacology.med.unideb.hu/images/pdf/Antiarrhytmic drugs.pdf]
[pharmacology.med.unideb.hu/images/pdf/Porszasz20160216/Alzheimer.pdf]
[pharmacology.med.unideb.hu/images/pdf/Porszasz20160216/Anti-Parkinson treatment.pdf]
[pharmacology.med.unideb.hu/images/pdf/Porszasz20160216/Alcohols.pdf]
[pharmacology.med.unideb.hu/images/pdf/Porszasz/17 hypnotics and sedatives.pdf]
[pharmacology.med.unideb.hu/images/pdf/Porszasz/21_Pharmacotherapy_of_the_epilepsies.pdf]
[pharmacology.med.unideb.hu/images/pdf/Porszasz/Antidepressant pharmacology 16_9.pdf]
[pharmacology.med.unideb.hu/images/pdf/Porszasz20160216/Local anesthetics.pdf]
[pharmacology.med.unideb.hu/images/pdf/Porszasz20160216/General anesthetics.pdf]
[pharmacology.med.unideb.hu/images/pdf/42 Pharmacology of adrenal steroids.pdf]
[pharmacology.med.unideb.hu/images/pdf/40 Estrogens and progestins.pdf]
[pharmacology.med.unideb.hu/images/pdf/Porszasz/Antipsychotics 16_9.pdf]
[pharmacology.med.unideb.hu/images/pdf/Ca csatorna blokkolók.pdf]
[pharmacology.med.unideb.hu/images/pdf/Farmakokinetikai interakciók a felszívódásban.pdf]
[pharmacology.med.unideb.hu/images/pdf/Farmakokinetikai interakciók a megoszlás és az elimináció során.pdf]
[pharmacology.med.unideb.hu/images/pdf/Gyomor pH-ját bef szerek.pdf]
[pharmacology.med.unideb.hu/images/pdf/obesitas farmakoterápiája.pdf]
[pharmacology.med.unideb.hu/images/pdf/GI_motilitast_befolyasolo_szerek.pdf]
[pharmacology.med.unideb.hu/images/pdf/Benko/ETRENDKIEGESZITOK_Magyar_Tudomany_2014_nov_1354-1365_Lugosi_Andrea.pdf]
[pharmacology.med.unideb.hu/images/pdf/M_opioids_ea.49.delayed]
[pharmacology.med.unideb.hu/images/pdf/Benko/Csont2019.pdf]
[pharmacology.med.unideb.hu/images/pdf/Benko/daganatkemoterapia_teljes 2019.pdf]
[pharmacology.med.unideb.hu/images/pdf/Benko/biologiai_terapia_az_onkologiaban_2019.pdf]
[pharmacology.med.unideb.hu/images/pdf/CALCIUM channel blockers.pdf]
[pharmacology.med.unideb.hu/images/pdf/Drug development.pdf]
[pharmacology.med.unideb.hu/images/pdf/Drugs used in peptic ulcer.pdf]
[pharmacology.med.unideb.hu/images/pdf/Benko/Antithrombotic therapy.pdf]
[pharmacology.med.unideb.hu/images/pdf/Benko/Diuretics.pdf]
[pharmacology.med.unideb.hu/images/pdf/Benko/Pharmacotherapy of obesity.pdf]
[pharmacology.med.unideb.hu/images/pdf/Benko/Plant-based dietary supplements.pdf]
[pharmacology.med.unideb.hu/images/pdf/Benko/BI-Obesity-pharmacotherapy.54.delayed]
[pharmacology.med.unideb.hu/images/pdf/Benko/histamine.pdf]
[pharmacology.med.unideb.hu/images/pdf/Benko/ANTICANCER_DRUGS_2018.pdf]
[pharmacology.med.unideb.hu/images/pdf/Benko/Biological_therapy_in_oncology.pdf]
[pharmacology.med.unideb.hu/images/pdf/Benko/Antifungal.pdf]
[pharmacology.med.unideb.hu/images/pdf/Benko/Therapy_of_GOUT.pdf]
[pharmacology.med.unideb.hu/images/pdf/Benko/BI-Pharmacotherapy-of-reumatoid-artritis.pdf]
[pharmacology.med.unideb.hu/images/pdf/Benko/Serotonin2019.pdf]
[pharmacology.med.unideb.hu/images/pdf/Benko/opioids.pdf]
[pharmacology.med.unideb.hu/images/pdf/Benko/Bone2019.5d.delayed]
[pharmacology.med.unideb.hu/images/pdf/amegy/eahun/intro_genpharm_hu.pdf]
[pharmacology.med.unideb.hu/images/pdf/amegy/eahun/angina_ca-blokk_hun_2020.pdf]
[pharmacology.med.unideb.hu/images/pdf/amegy/eahun/diuretikumok_hun_2020.pdf]
[pharmacology.med.unideb.hu/images/pdf/amegy/eahun/NO_2017_hu.pdf]
[pharmacology.med.unideb.hu/images/pdf/amegy/eahun/vasodil_2014_hu.pdf]
[pharmacology.med.unideb.hu/images/pdf/amegy/eahun/verkepzes_2019_hu.pdf]
[pharmacology.med.unideb.hu/images/pdf/amegy/eahun/veralvadas_2019_hu.pdf]
[pharmacology.med.unideb.hu/images/pdf/amegy/eahun/biolther_hu_2018.pdf]
[pharmacology.med.unideb.hu/images/pdf/amegy/eahun/gastro_hu_2014.pdf]
[pharmacology.med.unideb.hu/images/pdf/amegy/eahun/bevezetes_antibakt_hu_2016.pdf]
[pharmacology.med.unideb.hu/images/pdf/amegy/eahun/sejtfal_antibakt_hu_2016.pdf]
[pharmacology.med.unideb.hu/images/pdf/amegy/eahun/egyeb_antibakt_hu_2016.pdf]
[pharmacology.med.unideb.hu/images/pdf/amegy/eahun/antituberkulotikumok_hu_2016.pdf]
[pharmacology.med.unideb.hu/images/pdf/amegy/eahun/antiviralis_hu_2016.pdf]
[pharmacology.med.unideb.hu/images/pdf/amegy/eahun/malaria_anthelm_hu_2016.pdf]
[pharmacology.med.unideb.hu/images/pdf/amegy/eahun/immunopharmacol_hu_2013.pdf]
[pharmacology.med.unideb.hu/images/pdf/amegy/eahun/toxi_hu_2013.pdf]
[pharmacology.med.unideb.hu/images/pdf/amegy/eaeng/intro_genpharm_en.pdf]
[pharmacology.med.unideb.hu/images/pdf/amegy/eaeng/angina-ca-blockers_eng_2020.pdf]
[pharmacology.med.unideb.hu/images/pdf/amegy/eaeng/nitric-oxide_eng_2020.pdf]
[pharmacology.med.unideb.hu/images/pdf/amegy/eaeng/diuretics_eng_2020.pdf]
[pharmacology.med.unideb.hu/images/pdf/amegy/eaeng/anticoagulants_2020_en.pdf]
[pharmacology.med.unideb.hu/images/pdf/amegy/eaeng/vasodil_2015_en.pdf]
[pharmacology.med.unideb.hu/images/pdf/amegy/eaeng/antitussives_and_expectorants_2017_en.pdf]
[pharmacology.med.unideb.hu/images/pdf/amegy/eaeng/anemia_2018_en.pdf]
[pharmacology.med.unideb.hu/images/pdf/amegy/eaeng/biologicals_en_2018.pdf]
[pharmacology.med.unideb.hu/images/pdf/amegy/eaeng/gastro_2015_en.pdf]
[pharmacology.med.unideb.hu/images/pdf/amegy/eaeng/anticholinergics_2015_en.pdf]
[pharmacology.med.unideb.hu/images/pdf/amegy/eaeng/cholinomimetics_2015_en.pdf]
[pharmacology.med.unideb.hu/images/pdf/amegy/eaeng/hyperlipidemia_2015_en.pdf]
[pharmacology.med.unideb.hu/images/pdf/amegy/eaeng/sympathomimetics-sympatholytics_2015_en.pdf]
[pharmacology.med.unideb.hu/images/pdf/amegy/eaeng/antimicrobial-intro_eng_2019.pdf]
[pharmacology.med.unideb.hu/images/pdf/amegy/eaeng/antimicrobial_eng_2019.pdf]
[pharmacology.med.unideb.hu/images/pdf/amegy/eaeng/antiviral_agents_eng_2019.pdf]
[pharmacology.med.unideb.hu/images/pdf/amegy/eaeng/malaria-anthelm_eng_2019.pdf]
[pharmacology.med.unideb.hu/images/pdf/amegy/eaeng/immunopharmacol_eng_2019.pdf]
[pharmacology.med.unideb.hu/images/pdf/amegy/eaeng/toxicology_eng_2017.pdf]
[pharmacology.med.unideb.hu/images/pdf/amegy/eaeng/antidep-antipsy_eng_2015.pdf]
[pharmacology.med.unideb.hu/images/pdf/amegy/eaeng/uterotonics_eng_2015.pdf]
[pharmacology.med.unideb.hu/images/pdf/A vegetatív idegrendszer gyógyszertana I.pdf]
[pharmacology.med.unideb.hu/images/pdf/veg II.pdf]
[pharmacology.med.unideb.hu/images/pdf/Antihipertenzív szerek.pdf]
[pharmacology.med.unideb.hu/images/pdf/Antiarritmiás szerek.pdf]
[pharmacology.med.unideb.hu/images/pdf/Pharmacology of the GIT.pdf]
[pharmacology.med.unideb.hu/images/pdf/Diuretics agents.pdf]
[pharmacology.med.unideb.hu/images/pdf/Pharmacology of the ANS-Part I.pdf]
[pharmacology.med.unideb.hu/images/pdf/Pharmacology of the heart.pdf]
[pharmacology.med.unideb.hu/images/pdf/1st_Sedato-hypnotics_Alcohols.pdf]
[pharmacology.med.unideb.hu/images/pdf/2nd_Antiepileptics_Antipsychotics.pdf]
[pharmacology.med.unideb.hu/images/pdf/3rd_Antiparkinson drugs_Opioids.pdf]
[pharmacology.med.unideb.hu/images/pdf/4th_General anaesthesia.pdf]
[pharmacology.med.unideb.hu/images/pdf/5th_Antidepressants_Li.pdf]
[pharmacology.med.unideb.hu/images/pdf/Biopharmaceuticals_Vasoactive peptides.pdf]
[pharmacology.med.unideb.hu/images/pdf/Uterotonics.pdf]
[pharmacology.med.unideb.hu/images/pdf/6th_seminar_NSAIDs, DMARDs, Drugs used in gout, Alzheimer's disease.pdf]
[pharmacology.med.unideb.hu/images/pdf/7th_Diabetes Mellitus.pdf]
[pharmacology.med.unideb.hu/images/pdf/8th_Anti-cancer drugs.pdf]
[pharmacology.med.unideb.hu/images/pdf/9th_Antibiotics.pdf]
[pharmacology.med.unideb.hu/images/pdf/Glucocorticoids, mineralocorticoids.pdf]
[pharmacology.med.unideb.hu/images/pdf/Balazs/Varga_Balazs_Farmakologia_Szeminarium_01.pdf]
[pharmacology.med.unideb.hu/images/pdf/Balazs/Varga_Balazs_Farmakologia_Szeminarium_02.pdf]
[pharmacology.med.unideb.hu/images/pdf/Balazs/Varga_Balazs_Farmakologia_Szeminarium_03.pdf]
[pharmacology.med.unideb.hu/images/pdf/Balazs/Varga_Balazs_Farmakologia_Szeminarium_04.pdf]
[pharmacology.med.unideb.hu/images/pdf/Balazs/Varga_Balazs_Farmakologia_Szeminarium_05.pdf]
[pharmacology.med.unideb.hu/images/pdf/Balazs/Varga_Balazs_Farmakologia_Szeminarium_06.pdf]
[pharmacology.med.unideb.hu/images/pdf/Balazs/Varga_Balazs_Farmakologia_Szeminarium_07.pdf]
[pharmacology.med.unideb.hu/images/pdf/Balazs/Varga_Balazs_Farmakologia_Szeminarium_08.pdf]
[pharmacology.med.unideb.hu/images/pdf/Balazs/Varga_Balazs_Farmakologia_Szeminarium_09.pdf]
[pharmacology.med.unideb.hu/images/pdf/Balazs/Varga_Balazs_Farmakologia_Szeminarium_10.pdf]
[pharmacology.med.unideb.hu/images/pdf/Balazs/Varga_Balazs_Pharmacology_Seminar_01.pdf]
[pharmacology.med.unideb.hu/images/pdf/Balazs/Varga_Balazs_Pharmacology_Seminar_02.pdf]
[pharmacology.med.unideb.hu/images/pdf/Balazs/Varga_Balazs_Pharmacology_Seminar_03.pdf]
[pharmacology.med.unideb.hu/images/pdf/Balazs/Varga_Balazs_Pharmacology_Seminar_04.pdf]
[pharmacology.med.unideb.hu/images/pdf/Balazs/Varga_Balazs_Pharmacology_Seminar_05.pdf]
[pharmacology.med.unideb.hu/images/pdf/Balazs/Varga_Balazs_Pharmacology_Seminar_06.pdf]
[pharmacology.med.unideb.hu/images/pdf/Balazs/Varga_Balazs_Pharmacology_Seminar_07.pdf]
[pharmacology.med.unideb.hu/images/pdf/Balazs/Varga_Balazs_Pharmacology_Seminar_08.pdf]
[pharmacology.med.unideb.hu/images/pdf/Balazs/Varga_Balazs_Pharmacology_Seminar_09.pdf]
[pharmacology.med.unideb.hu/images/pdf/Balazs/Varga_Balazs_Pharmacology_Seminar_10.pdf]
[pharmacology.med.unideb.hu/images/pdf/Balazs/Antiemetics,_laxatives,_obstipants.pdf]
[pharmacology.med.unideb.hu/images/pdf/Balazs/Inflamatory_Bowel_Diseases.pdf]
[pharmacology.med.unideb.hu/images/pdf/Balazs/Hanycsill,_hashajtok,_hasfogok.pdf]
[pharmacology.med.unideb.hu/images/pdf/Balazs/Gyulladasos_belbetegsegek.pdf]
[pharmacology.med.unideb.hu/images/pdf/Balazs/Varga_Balazs_Farmakologia_Szeminarium_II-01.pdf]
[pharmacology.med.unideb.hu/images/pdf/Balazs/Varga_Balazs_Farmakologia_Szeminarium_II-02.pdf]
[pharmacology.med.unideb.hu/images/pdf/Balazs/Varga_Balazs_Farmakologia_Szeminarium_II-03.pdf]
[pharmacology.med.unideb.hu/images/pdf/Balazs/Varga_Balazs_Farmakologia_Szeminarium_II-04.pdf]
[pharmacology.med.unideb.hu/images/pdf/Balazs/Varga_Balazs_Farmakologia_Szeminarium_II-05.pdf]
[pharmacology.med.unideb.hu/images/pdf/Balazs/Varga_Balazs_Farmakologia_Szeminarium_II-06.pdf]
[pharmacology.med.unideb.hu/images/pdf/Balazs/Varga_Balazs_Farmakologia_Szeminarium_II-07.pdf]
[pharmacology.med.unideb.hu/images/pdf/Balazs/Varga_Balazs_Farmakologia_Szeminarium_II-08.pdf]
[pharmacology.med.unideb.hu/images/pdf/Balazs/Varga_Balazs_Farmakologia_Szeminarium_II-09.pdf]
[pharmacology.med.unideb.hu/images/pdf/Balazs/Varga_Balazs_Farmakologia_Szeminarium_II-10.pdf]
[pharmacology.med.unideb.hu/images/pdf/Balazs/Receptura_II.felev.pdf]
[pharmacology.med.unideb.hu/images/pdf/Balazs/Varga_Balazs_Pharmacology_Seminar_II-01.pdf]
[pharmacology.med.unideb.hu/images/pdf/Balazs/Varga_Balazs_Pharmacology_Seminar_II-02.pdf]
[pharmacology.med.unideb.hu/images/pdf/Balazs/Varga_Balazs_Pharmacology_Seminar_II-03.pdf]
[pharmacology.med.unideb.hu/images/pdf/Balazs/Varga_Balazs_Pharmacology_Seminar_II-04.pdf]
[pharmacology.med.unideb.hu/images/pdf/Balazs/Varga_Balazs_Pharmacology_Seminar_II-05.pdf]
[pharmacology.med.unideb.hu/images/pdf/Balazs/Varga_Balazs_Pharmacology_Seminar_II-06.pdf]
[pharmacology.med.unideb.hu/images/pdf/Balazs/Varga_Balazs_Pharmacology_Seminar_II-07.pdf]
[pharmacology.med.unideb.hu/images/pdf/Balazs/Varga_Balazs_Pharmacology_Seminar_II-08.pdf]
[pharmacology.med.unideb.hu/images/pdf/Balazs/Varga_Balazs_Pharmacology_Seminar_II-09.pdf]
[pharmacology.med.unideb.hu/images/pdf/Balazs/Varga_Balazs_Pharmacology_Seminar_II-10.pdf]
[pharmacology.med.unideb.hu/images/pdf/KissRita/II_felev2nd_semester/Ivarszervek_gyogyszertana_1.pdf]
[pharmacology.med.unideb.hu/images/pdf/KissRita/II_felev2nd_semester/Antidiabetic_drugs_1-2.pdf]
[pharmacology.med.unideb.hu/images/pdf/KissRita/II_felev2nd_semester/Drugs_and_pregnancy.pdf]
[pharmacology.med.unideb.hu/images/pdf/KissRita/II_felev2nd_semester/Gonadal_hormones_1.pdf]
[pharmacology.med.unideb.hu/images/pdf/KissRita/II_felev2nd_semester/Gonadal_hormones_2.pdf]
[pharmacology.med.unideb.hu/images/pdf/KissRita/A_maj_es_az_epeutak_farmakologiaja_A_pancreas_farmakologiaja_A_GI_rendszer_motilitasat_fokozo_szerek.pdf]
[pharmacology.med.unideb.hu/images/pdf/KissRita/AMI.pdf]
[pharmacology.med.unideb.hu/images/pdf/KissRita/Etvagyregulacio_Az_elhizas_farmakoterapiaja.pdf]
[pharmacology.med.unideb.hu/images/pdf/KissRita/GI_system.pdf]
[pharmacology.med.unideb.hu/images/pdf/KissRita/Gyogyszeres_interakciok.pdf]
[pharmacology.med.unideb.hu/images/pdf/KissRita/Pharmacotherapy_of_obesity.pdf]
[pharmacology.med.unideb.hu/images/pdf/KissRita/Tiszteld_a_gyogynovenyeket_mert_sokat_koszonhetsz_nekik.pdf]
[pharmacology.med.unideb.hu/images/pdf/Dani/Antiarrhythmias_Szerek_Priksz_HU-protected.pdf]
[pharmacology.med.unideb.hu/images/pdf/Dani/Antiarrhytmic_treatment_GMIV_Priksz_short-protected.pdf]
[pharmacology.med.unideb.hu/images/pdf/AJSZMHipertonia.pdf]
[pharmacology.med.unideb.hu/images/pdf/AJSZMAntiarrhytmiasszerek.pdf]
[pharmacology.med.unideb.hu/images/pdf/AJSZMAntihypertensives.pdf]
[pharmacology.med.unideb.hu/images/pdf/AJSZMAntiarrhythmics.pdf]
[pharmacology.med.unideb.hu/images/pdf/Rudi/AsthmaBronchiale-COPD.pdf]
[pharmacology.med.unideb.hu/images/pdf/Rudi/BronchialAsthma.pdf]
[pharmacology.med.unideb.hu/images/pdf/Doses for Pharmacology Exams 2012-2013.pdf]
[pharmacology.med.unideb.hu/images/pdf/End of 1st Semester Exam Topics 2012-2013.pdf]
[pharmacology.med.unideb.hu/images/pdf/Pharmacology prescriptions.pdf]
[pharmacology.med.unideb.hu/images/pdf/Final exam topics 2013-2014.pdf]
[pharmacology.med.unideb.hu/images/pdf/tematics_1stsem.pdf]
[pharmacology.med.unideb.hu/images/pdf/tematics_eng_2018-19-2nd-sem.pdf]
[www.ich.org/fileadmin/Public_Web_Site/ICH_Products/Guidelines/Efficacy/E6/E6_R2__Step_4_2016_1109.html]
[pharmacology.med.unideb.hu/index.php/altalanos-orvos.html]
[fonts.googleapis.com/css0c38.css]
[pharmacology.med.unideb.hu/templates/constructionco-qjt/css/styles.css]
[pharmacology.med.unideb.hu/templates/constructionco-qjt/css/style2.css]
[pharmacology.med.unideb.hu/templates/constructionco-qjt/css/NivooSlider.css]
[pharmacology.med.unideb.hu/images/pictures/merleg.gif]
[pharmacology.med.unideb.hu/modules/mod_rizlogin/style/grey1/css.css]
[pharmacology.med.unideb.hu/index.php/component/search/indexd09a.html]
[pharmacology.med.unideb.hu/modules/mod_rizlogin/style/grey1/slide-button.gif]
[pharmacology.med.unideb.hu/index.php/oktatas.html]
[pharmacology.med.unideb.hu/index.php/kutatas.html]
[pharmacology.med.unideb.hu/index.php/kapcsolat.html]
[pharmacology.med.unideb.hu/index.php/component/search/indexe40b.html]
[pharmacology.med.unideb.hu/index.php/component/search/indexaeed.html]
[pharmacology.med.unideb.hu/index.php/apolas-es-betegellatas-alapszak-gyogytornasz-szakirany.html]
[pharmacology.med.unideb.hu/index.php/biologus-bsc.html]
[pharmacology.med.unideb.hu/index.php/component/search/index0573.html]
[pharmacology.med.unideb.hu/index.php/component/search/indexea2c.html]
[pharmacology.med.unideb.hu/index.php/farmakoterapia.html]
[pharmacology.med.unideb.hu/index.php/fogorvos.html]
[pharmacology.med.unideb.hu/index.php/component/search/indexc72b.html]
[pharmacology.med.unideb.hu/index.php/component/search/index8449.html]
[pharmacology.med.unideb.hu/index.php/hagyomanyos-keleti-orvoslas-alapjai.html]
[pharmacology.med.unideb.hu/index.php/molekularis-biologus.html]
[pharmacology.med.unideb.hu/index.php/component/search/index7949.html]
[pharmacology.med.unideb.hu/index.php/component/search/indexa176.html]
[pharmacology.med.unideb.hu/index.php/molekularis-biologus-msc.html]
[pharmacology.med.unideb.hu/index.php/nepegeszsegugyi-ellenor.html]
[pharmacology.med.unideb.hu/index.php/component/search/indexc892.html]
[pharmacology.med.unideb.hu/index.php/component/search/index70c9.html]
[pharmacology.med.unideb.hu/index.php/orvosi-laboratoriumi-es-kepalkoto-diagnosztikai-analitikus.html]
[pharmacology.med.unideb.hu/index.php/taplalkozastudomanyi-msc.html]
[pharmacology.med.unideb.hu/index.php/component/search/index1319.html]
[pharmacology.med.unideb.hu/index.php/component/search/index8941.html]
[www.ich.org/fileadmin/Public_Web_Site/ICH_Products/Guidelines/Efficacy/E6/E6_R2__Step_4_2016_1109.html]
[pharmacology.med.unideb.hu/modules/mod_rizlogin/style/grey1/css.css]
